nohup: ignoring input
Запускаем PostgreSQL и ждём готовности…
Окружение готово, PostgreSQL отвечает на SELECT 1.
2026-09-22 15:44:23,341 INFO app: PostgreSQL подключён: SELECT 1 выполнен.
2026-09-22 15:44:23,414 INFO app: Telegram доступен. Бот @ai_helper_by_bimooo_bot запускает polling.
2026-09-22 15:44:23,418 INFO aiogram.dispatcher: Start polling
2026-09-22 15:44:23,435 INFO aiogram.dispatcher: Run polling for bot @ai_helper_by_bimooo_bot id=8792131216 - 'я ии ублюдок'
2026-09-22 15:45:11,437 INFO aiogram.event: Update id=292372859 is handled. Duration 119 ms by bot id=8792131216
2026-09-22 18:54:34,950 INFO aiogram.event: Update id=292372860 is handled. Duration 111 ms by bot id=8792131216
2026-09-22 18:54:36,394 INFO aiogram.event: Update id=292372861 is handled. Duration 124 ms by bot id=8792131216
2026-09-22 18:54:41,078 INFO aiogram.event: Update id=292372862 is handled. Duration 49 ms by bot id=8792131216
2026-09-22 18:54:57,009 INFO aiogram.event: Update id=292372863 is not handled. Duration 6 ms by bot id=8792131216
2026-09-23 01:11:25,557 ERROR aiogram.dispatcher: Failed to fetch updates - TelegramServerError: Telegram server says - Bad Gateway
2026-09-23 01:11:25,559 WARNING aiogram.dispatcher: Sleep for 1.000000 seconds and try again... (tryings = 0, bot id = 8792131216)
2026-09-23 01:11:26,578 ERROR aiogram.dispatcher: Failed to fetch updates - TelegramServerError: Telegram server says - Bad Gateway
2026-09-23 01:11:26,578 WARNING aiogram.dispatcher: Sleep for 1.074957 seconds and try again... (tryings = 1, bot id = 8792131216)
2026-09-23 01:12:16,682 INFO aiogram.dispatcher: Connection established (tryings = 2, bot id = 8792131216)
2026-09-23 08:28:26,293 INFO aiogram.event: Update id=292372864 is handled. Duration 72 ms by bot id=8792131216
2026-09-23 08:32:45,274 ERROR aiogram.dispatcher: Failed to fetch updates - TelegramConflictError: Telegram server says - Conflict: terminated by other getUpdates request; make sure that only one bot instance is running
2026-09-23 08:32:45,277 WARNING aiogram.dispatcher: Sleep for 1.000000 seconds and try again... (tryings = 0, bot id = 8792131216)
2026-09-23 08:32:50,406 ERROR aiogram.dispatcher: Failed to fetch updates - TelegramConflictError: Telegram server says - Conflict: terminated by other getUpdates request; make sure that only one bot instance is running
2026-09-23 08:32:50,406 WARNING aiogram.dispatcher: Sleep for 1.363818 seconds and try again... (tryings = 1, bot id = 8792131216)
2026-09-23 08:32:56,059 ERROR aiogram.dispatcher: Failed to fetch updates - TelegramConflictError: Telegram server says - Conflict: terminated by other getUpdates request; make sure that only one bot instance is running
2026-09-23 08:32:56,059 WARNING aiogram.dispatcher: Sleep for 1.598559 seconds and try again... (tryings = 2, bot id = 8792131216)
2026-09-23 08:33:02,553 ERROR aiogram.dispatcher: Failed to fetch updates - TelegramConflictError: Telegram server says - Conflict: terminated by other getUpdates request; make sure that only one bot instance is running
2026-09-23 08:33:02,555 WARNING aiogram.dispatcher: Sleep for 1.998533 seconds and try again... (tryings = 3, bot id = 8792131216)
2026-09-23 08:33:16,023 INFO aiogram.dispatcher: Connection established (tryings = 4, bot id = 8792131216)
2026-09-23 08:33:25,528 ERROR aiogram.dispatcher: Failed to fetch updates - TelegramConflictError: Telegram server says - Conflict: terminated by other getUpdates request; make sure that only one bot instance is running
2026-09-23 08:33:25,536 WARNING aiogram.dispatcher: Sleep for 1.000000 seconds and try again... (tryings = 0, bot id = 8792131216)
2026-09-23 08:33:37,429 INFO aiogram.dispatcher: Connection established (tryings = 1, bot id = 8792131216)
2026-09-23 08:33:46,313 ERROR aiogram.dispatcher: Failed to fetch updates - TelegramConflictError: Telegram server says - Conflict: terminated by other getUpdates request; make sure that only one bot instance is running
2026-09-23 08:33:46,323 WARNING aiogram.dispatcher: Sleep for 1.000000 seconds and try again... (tryings = 0, bot id = 8792131216)
2026-09-23 08:34:00,198 INFO aiogram.dispatcher: Connection established (tryings = 1, bot id = 8792131216)
2026-09-23 08:35:22,085 ERROR aiogram.dispatcher: Failed to fetch updates - TelegramConflictError: Telegram server says - Conflict: terminated by other getUpdates request; make sure that only one bot instance is running
2026-09-23 08:35:22,093 WARNING aiogram.dispatcher: Sleep for 1.000000 seconds and try again... (tryings = 0, bot id = 8792131216)
2026-09-23 08:35:40,053 INFO aiogram.dispatcher: Connection established (tryings = 1, bot id = 8792131216)
2026-09-23 08:35:44,153 WARNING aiogram.dispatcher: Received SIGTERM signal
2026-09-23 08:35:44,199 INFO aiogram.dispatcher: Polling stopped for bot @ai_helper_by_bimooo_bot id=8792131216 - 'я ии ублюдок'
2026-09-23 08:35:44,203 INFO aiogram.dispatcher: Polling stopped
